16:14:53 INFO  : updated workspace path: /home/monsud/Scrivania/ASCON-hw/vitis
16:14:53 INFO  : created .gitignore file for the project /home/monsud/Scrivania/ASCON-hw/vitis
16:14:53 INFO  : updated workspace path: /home/monsud/Scrivania/ASCON-hw/vitis
16:14:54 INFO  : Successfully created repository data at /tmp/rigel_lopper_monsud15055145265707357816
16:14:54 INFO  : bash, -c, source /home/monsud/Xilinx/Vitis/2023.2/tps/lnx64/lopper-1.1.0/env/bin/activate && python /home/monsud/Xilinx/Vitis/2023.2/data/embeddedsw/scripts/pyesw//get_template_data.py -d /tmp/rigel_lopper_monsud12784862943651062632 -r /tmp/rigel_lopper_monsud15055145265707357816/.repo.yaml && deactivate
16:14:55 INFO  : Embedded Template List generated successfully
16:14:55 INFO  : bash, -c, source /home/monsud/Xilinx/Vitis/2023.2/tps/lnx64/lopper-1.1.0/env/bin/activate && python /home/monsud/Xilinx/Vitis/2023.2/data/embeddedsw/scripts/pyesw//repo.py -st   /home/monsud/Xilinx/Vitis/2023.2/data/embeddedsw && deactivate
16:14:56 INFO  : Successfully created repository data at /home/monsud/Scrivania/ASCON-hw/vitis
16:14:56 INFO  : bash, -c, source /home/monsud/Xilinx/Vitis/2023.2/tps/lnx64/lopper-1.1.0/env/bin/activate && python /home/monsud/Xilinx/Vitis/2023.2/data/embeddedsw/scripts/pyesw//get_template_data.py -d /tmp/rigel_lopper_monsud7851655668394102041 -r /home/monsud/Scrivania/ASCON-hw/vitis/.repo.yaml && deactivate
16:14:56 INFO  : Embedded Template List generated successfully
16:14:56 INFO  : bash, -c, source /home/monsud/Xilinx/Vitis/2023.2/tps/lnx64/lopper-1.1.0/env/bin/activate && python /home/monsud/Xilinx/Vitis/2023.2/data/embeddedsw/scripts/pyesw//get_template_data.py -d /tmp/rigel_lopper_monsud10370721679304135682 -r /home/monsud/Scrivania/ASCON-hw/vitis/.repo.yaml && deactivate
16:14:57 INFO  : Embedded Template List generated successfully
16:15:44 INFO  : Found no platform with name 'design_ascon_wrapper' in install repositories
16:15:52 ERROR : Unsupported Target 'HW_EMU' for Given XSA '/home/monsud/Scrivania/ASCON-hw/design_ascon_wrapper.xsa'.
16:16:09 INFO  : Found no platform with name 'design_ascon_wrapper' in install repositories
16:16:09 INFO  : bash, -c, source /home/monsud/Xilinx/Vitis/2023.2/tps/lnx64/lopper-1.1.0/env/bin/activate && xsct /home/monsud/Xilinx/Vitis/2023.2/vitisng-server/scripts/platformutil.tcl /home/monsud/Scrivania/ASCON-hw/design_ascon_wrapper.xsa /home/monsud/Scrivania/ASCON-hw/vitis/.rigel_lopper_temp_platform/design_ascon_wrapper/hw/sdt && deactivate
16:16:19 INFO  : INFO: [Hsi 55-2053] elapsed time for repository (/home/monsud/Xilinx/Vitis/2023.2/data/embeddedsw) loading 0 seconds
16:16:19 INFO  : WARNING: [Common 17-673] Cannot get value of property 'C_QSPI_MODE' because this property is not valid in conjunction with other property setting on this object.
16:16:19 INFO  : WARNING: [Common 17-673] Cannot get value of property 'C_EMIO_GPIO_WIDTH' because this property is not valid in conjunction with other property setting on this object.
16:16:19 INFO  : WARNING: [Common 17-673] Cannot get value of property 'C_MIO_GPIO_MASK' because this property is not valid in conjunction with other property setting on this object.
16:16:19 INFO  : SDT generated successfully
16:16:19 INFO  : Lopper command for cpu List generation: lopper -O /home/monsud/Scrivania/ASCON-hw/vitis/.rigel_lopper -f -i /home/monsud/Xilinx/Vitis/2023.2/tps/lnx64/lopper-1.1.0/env/lib/python3.8/site-packages/lopper/lops/lop-cpulist.dts /home/monsud/Scrivania/ASCON-hw/vitis/.rigel_lopper_temp_platform/design_ascon_wrapper/hw/sdt/system-top.dts
16:16:19 INFO  : bash, -c, source /home/monsud/Xilinx/Vitis/2023.2/tps/lnx64/lopper-1.1.0/env/bin/activate && lopper -O /home/monsud/Scrivania/ASCON-hw/vitis/.rigel_lopper -f -i /home/monsud/Xilinx/Vitis/2023.2/tps/lnx64/lopper-1.1.0/env/lib/python3.8/site-packages/lopper/lops/lop-cpulist.dts /home/monsud/Scrivania/ASCON-hw/vitis/.rigel_lopper_temp_platform/design_ascon_wrapper/hw/sdt/system-top.dts && deactivate
16:16:20 INFO  : ps7_cortexa9_0
16:16:20 INFO  : ps7_cortexa9_1
16:16:20 INFO  : CPU List generated successfully
16:16:25 INFO  : Platform  ASCON-hw creation started.
16:16:25 INFO  : Found no platform with name 'design_ascon_wrapper' in install repositories
16:16:25 INFO  : Lopper command for cpu List generation: lopper -O /home/monsud/Scrivania/ASCON-hw/vitis/.rigel_lopper -f -i /home/monsud/Xilinx/Vitis/2023.2/tps/lnx64/lopper-1.1.0/env/lib/python3.8/site-packages/lopper/lops/lop-cpulist.dts /home/monsud/Scrivania/ASCON-hw/vitis/ASCON-hw/hw/sdt/system-top.dts
16:16:25 INFO  : bash, -c, source /home/monsud/Xilinx/Vitis/2023.2/tps/lnx64/lopper-1.1.0/env/bin/activate && lopper -O /home/monsud/Scrivania/ASCON-hw/vitis/.rigel_lopper -f -i /home/monsud/Xilinx/Vitis/2023.2/tps/lnx64/lopper-1.1.0/env/lib/python3.8/site-packages/lopper/lops/lop-cpulist.dts /home/monsud/Scrivania/ASCON-hw/vitis/ASCON-hw/hw/sdt/system-top.dts && deactivate
16:16:25 INFO  : ps7_cortexa9_0
16:16:25 INFO  : ps7_cortexa9_1
16:16:25 INFO  : CPU List generated successfully
16:16:25 INFO  : SDT generated successfully.
16:16:25 INFO  : created .gitignore file for the project /home/monsud/Scrivania/ASCON-hw/vitis/ASCON-hw
16:16:25 INFO  : ZYNQ: Using the QEMU args from install at  : /home/monsud/Xilinx/Vitis/2023.2/data/emulation/platforms/zynq/sw/a9_linux/qemu/qemu_args.txt
16:16:25 INFO  : ZYNQ: Using the QEMU args from install at  : /home/monsud/Xilinx/Vitis/2023.2/data/emulation/platforms/zynq/sw/a9_standalone/qemu/qemu_args.txt
16:16:25 INFO  : ZYNQ: Using the QEMU args from install at  : /home/monsud/Xilinx/Vitis/2023.2/data/emulation/platforms/zynq/sw/a9_standalone/qemu/qemu_args.txt
16:16:25 INFO  : lopper command to generate BSP :python /home/monsud/Xilinx/Vitis/2023.2/data/embeddedsw/scripts/pyesw//create_bsp.py -w /home/monsud/Scrivania/ASCON-hw/vitis/ASCON-hw/ps7_cortexa9_0/standalone_ps7_cortexa9_0/bsp -p ps7_cortexa9_0 -o standalone -s /home/monsud/Scrivania/ASCON-hw/vitis/ASCON-hw/hw/sdt/system-top.dts -t empty_application -r /home/monsud/Scrivania/ASCON-hw/vitis/.repo.yaml
16:16:25 INFO  : lopper command to generate BSP :python /home/monsud/Xilinx/Vitis/2023.2/data/embeddedsw/scripts/pyesw//create_bsp.py -w /home/monsud/Scrivania/ASCON-hw/vitis/ASCON-hw/zynq_fsbl/zynq_fsbl_bsp -p ps7_cortexa9_0 -o standalone -s /home/monsud/Scrivania/ASCON-hw/vitis/ASCON-hw/hw/sdt/system-top.dts -t zynq_fsbl -r /home/monsud/Scrivania/ASCON-hw/vitis/.repo.yaml
16:16:25 INFO  : bash, -c, source /home/monsud/Xilinx/Vitis/2023.2/tps/lnx64/lopper-1.1.0/env/bin/activate && python /home/monsud/Xilinx/Vitis/2023.2/data/embeddedsw/scripts/pyesw//create_bsp.py -w /home/monsud/Scrivania/ASCON-hw/vitis/ASCON-hw/ps7_cortexa9_0/standalone_ps7_cortexa9_0/bsp -p ps7_cortexa9_0 -o standalone -s /home/monsud/Scrivania/ASCON-hw/vitis/ASCON-hw/hw/sdt/system-top.dts -t empty_application -r /home/monsud/Scrivania/ASCON-hw/vitis/.repo.yaml && deactivate
16:16:25 INFO  : bash, -c, source /home/monsud/Xilinx/Vitis/2023.2/tps/lnx64/lopper-1.1.0/env/bin/activate && python /home/monsud/Xilinx/Vitis/2023.2/data/embeddedsw/scripts/pyesw//create_bsp.py -w /home/monsud/Scrivania/ASCON-hw/vitis/ASCON-hw/zynq_fsbl/zynq_fsbl_bsp -p ps7_cortexa9_0 -o standalone -s /home/monsud/Scrivania/ASCON-hw/vitis/ASCON-hw/hw/sdt/system-top.dts -t zynq_fsbl -r /home/monsud/Scrivania/ASCON-hw/vitis/.repo.yaml && deactivate
16:16:29 ERROR : cmake: /usr/lib/libssl.so.10: version `libssl.so.10' not found (required by cmake)
16:16:29 ERROR : cmake: /usr/lib/libcrypto.so.10: version `OPENSSL_1.0.2' not found (required by cmake)
16:16:29 ERROR : cmake: /usr/lib/libcrypto.so.10: version `libcrypto.so.10' not found (required by cmake)
16:16:29 ERROR : Traceback (most recent call last):
16:16:29 ERROR :   File "/home/monsud/Xilinx/Vitis/2023.2/data/embeddedsw/scripts/pyesw/utils.py", line 354, in runcmd
16:16:29 ERROR :     subprocess.check_call(cmd, cwd=cwd, shell=True)
16:16:29 ERROR :   File "/home/monsud/Xilinx/Vitis/2023.2/tps/lnx64/python-3.8.3/lib/python3.8/subprocess.py", line 364, in check_call
16:16:29 ERROR :     raise CalledProcessError(retcode, cmd)
16:16:29 ERROR : subprocess.CalledProcessError: Command 'cmake -G "Unix Makefiles" /home/monsud/Scrivania/ASCON-hw/vitis/ASCON-hw/ps7_cortexa9_0/standalone_ps7_cortexa9_0/bsp  -DCMAKE_LIBRARY_PATH=/home/monsud/Scrivania/ASCON-hw/vitis/ASCON-hw/ps7_cortexa9_0/standalone_ps7_cortexa9_0/bsp/lib             -DCMAKE_INCLUDE_PATH=/home/monsud/Scrivania/ASCON-hw/vitis/ASCON-hw/ps7_cortexa9_0/standalone_ps7_cortexa9_0/bsp/include             -DCMAKE_MODULE_PATH=/home/monsud/Scrivania/ASCON-hw/vitis/ASCON-hw/ps7_cortexa9_0/standalone_ps7_cortexa9_0/bsp             -DCMAKE_TOOLCHAIN_FILE=/home/monsud/Scrivania/ASCON-hw/vitis/ASCON-hw/ps7_cortexa9_0/standalone_ps7_cortexa9_0/bsp/cortexa9_toolchain.cmake             -DCMAKE_SPECS_FILE=/home/monsud/Scrivania/ASCON-hw/vitis/ASCON-hw/ps7_cortexa9_0/standalone_ps7_cortexa9_0/bsp/Xilinx.spec             -DCMAKE_VERBOSE_MAKEFILE=ON' returned non-zero exit status 1.
16:16:29 ERROR : 
16:16:29 ERROR : During handling of the above exception, another exception occurred:
16:16:29 ERROR : 
16:16:29 ERROR : Traceback (most recent call last):
16:16:29 ERROR :   File "/home/monsud/Xilinx/Vitis/2023.2/data/embeddedsw/scripts/pyesw//create_bsp.py", line 742, in <module>
16:16:29 ERROR :     create_domain(args)
16:16:29 ERROR :   File "/home/monsud/Xilinx/Vitis/2023.2/data/embeddedsw/scripts/pyesw//create_bsp.py", line 546, in create_domain
16:16:29 ERROR :     utils.runcmd(
16:16:29 ERROR :   File "/home/monsud/Xilinx/Vitis/2023.2/data/embeddedsw/scripts/pyesw/utils.py", line 357, in runcmd
16:16:29 ERROR :     raise Exception(f"{exc.cmd} failed")
16:16:29 ERROR : Exception: cmake -G "Unix Makefiles" /home/monsud/Scrivania/ASCON-hw/vitis/ASCON-hw/ps7_cortexa9_0/standalone_ps7_cortexa9_0/bsp  -DCMAKE_LIBRARY_PATH=/home/monsud/Scrivania/ASCON-hw/vitis/ASCON-hw/ps7_cortexa9_0/standalone_ps7_cortexa9_0/bsp/lib             -DCMAKE_INCLUDE_PATH=/home/monsud/Scrivania/ASCON-hw/vitis/ASCON-hw/ps7_cortexa9_0/standalone_ps7_cortexa9_0/bsp/include             -DCMAKE_MODULE_PATH=/home/monsud/Scrivania/ASCON-hw/vitis/ASCON-hw/ps7_cortexa9_0/standalone_ps7_cortexa9_0/bsp             -DCMAKE_TOOLCHAIN_FILE=/home/monsud/Scrivania/ASCON-hw/vitis/ASCON-hw/ps7_cortexa9_0/standalone_ps7_cortexa9_0/bsp/cortexa9_toolchain.cmake             -DCMAKE_SPECS_FILE=/home/monsud/Scrivania/ASCON-hw/vitis/ASCON-hw/ps7_cortexa9_0/standalone_ps7_cortexa9_0/bsp/Xilinx.spec             -DCMAKE_VERBOSE_MAKEFILE=ON failed
16:16:29 ERROR : Error in generating BSP '/home/monsud/Scrivania/ASCON-hw/vitis/ASCON-hw/ps7_cortexa9_0/standalone_ps7_cortexa9_0/bsp'.
16:16:29 ERROR : cmake: /usr/lib/libssl.so.10: version `libssl.so.10' not found (required by cmake)
16:16:29 ERROR : cmake: /usr/lib/libcrypto.so.10: version `OPENSSL_1.0.2' not found (required by cmake)
16:16:29 ERROR : cmake: /usr/lib/libcrypto.so.10: version `libcrypto.so.10' not found (required by cmake)
16:16:29 ERROR : Traceback (most recent call last):
16:16:29 ERROR :   File "/home/monsud/Xilinx/Vitis/2023.2/data/embeddedsw/scripts/pyesw/utils.py", line 354, in runcmd
16:16:29 ERROR :     subprocess.check_call(cmd, cwd=cwd, shell=True)
16:16:29 ERROR :   File "/home/monsud/Xilinx/Vitis/2023.2/tps/lnx64/python-3.8.3/lib/python3.8/subprocess.py", line 364, in check_call
16:16:29 ERROR :     raise CalledProcessError(retcode, cmd)
16:16:29 ERROR : subprocess.CalledProcessError: Command 'cmake -G "Unix Makefiles" /home/monsud/Scrivania/ASCON-hw/vitis/ASCON-hw/zynq_fsbl/zynq_fsbl_bsp  -DCMAKE_LIBRARY_PATH=/home/monsud/Scrivania/ASCON-hw/vitis/ASCON-hw/zynq_fsbl/zynq_fsbl_bsp/lib             -DCMAKE_INCLUDE_PATH=/home/monsud/Scrivania/ASCON-hw/vitis/ASCON-hw/zynq_fsbl/zynq_fsbl_bsp/include             -DCMAKE_MODULE_PATH=/home/monsud/Scrivania/ASCON-hw/vitis/ASCON-hw/zynq_fsbl/zynq_fsbl_bsp             -DCMAKE_TOOLCHAIN_FILE=/home/monsud/Scrivania/ASCON-hw/vitis/ASCON-hw/zynq_fsbl/zynq_fsbl_bsp/cortexa9_toolchain.cmake             -DCMAKE_SPECS_FILE=/home/monsud/Scrivania/ASCON-hw/vitis/ASCON-hw/zynq_fsbl/zynq_fsbl_bsp/Xilinx.spec             -DCMAKE_VERBOSE_MAKEFILE=ON' returned non-zero exit status 1.
16:16:29 ERROR : 
16:16:29 ERROR : During handling of the above exception, another exception occurred:
16:16:29 ERROR : 
16:16:29 ERROR : Traceback (most recent call last):
16:16:29 ERROR :   File "/home/monsud/Xilinx/Vitis/2023.2/data/embeddedsw/scripts/pyesw//create_bsp.py", line 742, in <module>
16:16:29 ERROR :     create_domain(args)
16:16:29 ERROR :   File "/home/monsud/Xilinx/Vitis/2023.2/data/embeddedsw/scripts/pyesw//create_bsp.py", line 546, in create_domain
16:16:29 ERROR :     utils.runcmd(
16:16:29 ERROR :   File "/home/monsud/Xilinx/Vitis/2023.2/data/embeddedsw/scripts/pyesw/utils.py", line 357, in runcmd
16:16:29 ERROR :     raise Exception(f"{exc.cmd} failed")
16:16:29 ERROR : Exception: cmake -G "Unix Makefiles" /home/monsud/Scrivania/ASCON-hw/vitis/ASCON-hw/zynq_fsbl/zynq_fsbl_bsp  -DCMAKE_LIBRARY_PATH=/home/monsud/Scrivania/ASCON-hw/vitis/ASCON-hw/zynq_fsbl/zynq_fsbl_bsp/lib             -DCMAKE_INCLUDE_PATH=/home/monsud/Scrivania/ASCON-hw/vitis/ASCON-hw/zynq_fsbl/zynq_fsbl_bsp/include             -DCMAKE_MODULE_PATH=/home/monsud/Scrivania/ASCON-hw/vitis/ASCON-hw/zynq_fsbl/zynq_fsbl_bsp             -DCMAKE_TOOLCHAIN_FILE=/home/monsud/Scrivania/ASCON-hw/vitis/ASCON-hw/zynq_fsbl/zynq_fsbl_bsp/cortexa9_toolchain.cmake             -DCMAKE_SPECS_FILE=/home/monsud/Scrivania/ASCON-hw/vitis/ASCON-hw/zynq_fsbl/zynq_fsbl_bsp/Xilinx.spec             -DCMAKE_VERBOSE_MAKEFILE=ON failed
16:16:29 ERROR : Error in generating BSP '/home/monsud/Scrivania/ASCON-hw/vitis/ASCON-hw/zynq_fsbl/zynq_fsbl_bsp'.
16:16:29 ERROR : Failed to create platform: ASCON-hw.Error in creating platform 'ASCON-hw.'
16:16:29 ERROR : Failed to create platform: ASCON-hw.Error in creating platform 'ASCON-hw.'
16:22:33 INFO  : Terminating Vitis C++ Server
16:22:33 INFO  : Vitis C++ Server terminated
16:23:07 INFO  : updated workspace path: /home/monsud/Scrivania/ASCON-hw/vitis
16:23:07 INFO  : created .gitignore file for the project /home/monsud/Scrivania/ASCON-hw/vitis
16:23:07 INFO  : updated workspace path: /home/monsud/Scrivania/ASCON-hw/vitis
16:23:08 INFO  : Successfully created repository data at /tmp/rigel_lopper_monsud15279110328426763180
16:23:08 INFO  : bash, -c, source /home/monsud/Xilinx/Vitis/2023.2/tps/lnx64/lopper-1.1.0/env/bin/activate && python /home/monsud/Xilinx/Vitis/2023.2/data/embeddedsw/scripts/pyesw//get_template_data.py -d /tmp/rigel_lopper_monsud14412729305307490931 -r /tmp/rigel_lopper_monsud15279110328426763180/.repo.yaml && deactivate
16:23:08 INFO  : Embedded Template List generated successfully
16:23:08 INFO  : bash, -c, source /home/monsud/Xilinx/Vitis/2023.2/tps/lnx64/lopper-1.1.0/env/bin/activate && python /home/monsud/Xilinx/Vitis/2023.2/data/embeddedsw/scripts/pyesw//get_template_data.py -d /tmp/rigel_lopper_monsud3374093828074934755 -r /home/monsud/Scrivania/ASCON-hw/vitis/.repo.yaml && deactivate
16:23:09 INFO  : Embedded Template List generated successfully
16:23:09 INFO  : bash, -c, source /home/monsud/Xilinx/Vitis/2023.2/tps/lnx64/lopper-1.1.0/env/bin/activate && python /home/monsud/Xilinx/Vitis/2023.2/data/embeddedsw/scripts/pyesw//get_template_data.py -d /tmp/rigel_lopper_monsud16594594667593680538 -r /home/monsud/Scrivania/ASCON-hw/vitis/.repo.yaml && deactivate
16:23:09 INFO  : Embedded Template List generated successfully
16:23:38 INFO  : Found no platform with name 'design_ascon_wrapper' in install repositories
16:23:47 INFO  : bash, -c, source /home/monsud/Xilinx/Vitis/2023.2/tps/lnx64/lopper-1.1.0/env/bin/activate && xsct /home/monsud/Xilinx/Vitis/2023.2/vitisng-server/scripts/platformutil.tcl /home/monsud/Scrivania/ASCON-hw/design_ascon_wrapper.xsa /home/monsud/Scrivania/ASCON-hw/vitis/.rigel_lopper_temp_platform/design_ascon_wrapper/hw/sdt && deactivate
16:23:57 INFO  : INFO: [Hsi 55-2053] elapsed time for repository (/home/monsud/Xilinx/Vitis/2023.2/data/embeddedsw) loading 1 seconds
16:23:57 INFO  : WARNING: [Common 17-673] Cannot get value of property 'C_QSPI_MODE' because this property is not valid in conjunction with other property setting on this object.
16:23:57 INFO  : WARNING: [Common 17-673] Cannot get value of property 'C_EMIO_GPIO_WIDTH' because this property is not valid in conjunction with other property setting on this object.
16:23:57 INFO  : WARNING: [Common 17-673] Cannot get value of property 'C_MIO_GPIO_MASK' because this property is not valid in conjunction with other property setting on this object.
16:23:57 INFO  : SDT generated successfully
16:23:57 INFO  : Lopper command for cpu List generation: lopper -O /home/monsud/Scrivania/ASCON-hw/vitis/.rigel_lopper -f -i /home/monsud/Xilinx/Vitis/2023.2/tps/lnx64/lopper-1.1.0/env/lib/python3.8/site-packages/lopper/lops/lop-cpulist.dts /home/monsud/Scrivania/ASCON-hw/vitis/.rigel_lopper_temp_platform/design_ascon_wrapper/hw/sdt/system-top.dts
16:23:57 INFO  : bash, -c, source /home/monsud/Xilinx/Vitis/2023.2/tps/lnx64/lopper-1.1.0/env/bin/activate && lopper -O /home/monsud/Scrivania/ASCON-hw/vitis/.rigel_lopper -f -i /home/monsud/Xilinx/Vitis/2023.2/tps/lnx64/lopper-1.1.0/env/lib/python3.8/site-packages/lopper/lops/lop-cpulist.dts /home/monsud/Scrivania/ASCON-hw/vitis/.rigel_lopper_temp_platform/design_ascon_wrapper/hw/sdt/system-top.dts && deactivate
16:23:57 INFO  : ps7_cortexa9_0
16:23:57 INFO  : ps7_cortexa9_1
16:23:57 INFO  : CPU List generated successfully
16:24:01 INFO  : Platform  ascon_platform creation started.
16:24:01 INFO  : Found no platform with name 'design_ascon_wrapper' in install repositories
16:24:01 INFO  : Lopper command for cpu List generation: lopper -O /home/monsud/Scrivania/ASCON-hw/vitis/.rigel_lopper -f -i /home/monsud/Xilinx/Vitis/2023.2/tps/lnx64/lopper-1.1.0/env/lib/python3.8/site-packages/lopper/lops/lop-cpulist.dts /home/monsud/Scrivania/ASCON-hw/vitis/ascon_platform/hw/sdt/system-top.dts
16:24:01 INFO  : bash, -c, source /home/monsud/Xilinx/Vitis/2023.2/tps/lnx64/lopper-1.1.0/env/bin/activate && lopper -O /home/monsud/Scrivania/ASCON-hw/vitis/.rigel_lopper -f -i /home/monsud/Xilinx/Vitis/2023.2/tps/lnx64/lopper-1.1.0/env/lib/python3.8/site-packages/lopper/lops/lop-cpulist.dts /home/monsud/Scrivania/ASCON-hw/vitis/ascon_platform/hw/sdt/system-top.dts && deactivate
16:24:01 INFO  : ps7_cortexa9_0
16:24:01 INFO  : ps7_cortexa9_1
16:24:01 INFO  : CPU List generated successfully
16:24:01 INFO  : SDT generated successfully.
16:24:01 INFO  : created .gitignore file for the project /home/monsud/Scrivania/ASCON-hw/vitis/ascon_platform
16:24:01 INFO  : ZYNQ: Using the QEMU args from install at  : /home/monsud/Xilinx/Vitis/2023.2/data/emulation/platforms/zynq/sw/a9_linux/qemu/qemu_args.txt
16:24:01 INFO  : ZYNQ: Using the QEMU args from install at  : /home/monsud/Xilinx/Vitis/2023.2/data/emulation/platforms/zynq/sw/a9_standalone/qemu/qemu_args.txt
16:24:01 INFO  : ZYNQ: Using the QEMU args from install at  : /home/monsud/Xilinx/Vitis/2023.2/data/emulation/platforms/zynq/sw/a9_standalone/qemu/qemu_args.txt
16:24:01 INFO  : lopper command to generate BSP :python /home/monsud/Xilinx/Vitis/2023.2/data/embeddedsw/scripts/pyesw//create_bsp.py -w /home/monsud/Scrivania/ASCON-hw/vitis/ascon_platform/ps7_cortexa9_0/standalone_ps7_cortexa9_0/bsp -p ps7_cortexa9_0 -o standalone -s /home/monsud/Scrivania/ASCON-hw/vitis/ascon_platform/hw/sdt/system-top.dts -t empty_application -r /home/monsud/Scrivania/ASCON-hw/vitis/.repo.yaml
16:24:01 INFO  : lopper command to generate BSP :python /home/monsud/Xilinx/Vitis/2023.2/data/embeddedsw/scripts/pyesw//create_bsp.py -w /home/monsud/Scrivania/ASCON-hw/vitis/ascon_platform/zynq_fsbl/zynq_fsbl_bsp -p ps7_cortexa9_0 -o standalone -s /home/monsud/Scrivania/ASCON-hw/vitis/ascon_platform/hw/sdt/system-top.dts -t zynq_fsbl -r /home/monsud/Scrivania/ASCON-hw/vitis/.repo.yaml
16:24:01 INFO  : bash, -c, source /home/monsud/Xilinx/Vitis/2023.2/tps/lnx64/lopper-1.1.0/env/bin/activate && python /home/monsud/Xilinx/Vitis/2023.2/data/embeddedsw/scripts/pyesw//create_bsp.py -w /home/monsud/Scrivania/ASCON-hw/vitis/ascon_platform/zynq_fsbl/zynq_fsbl_bsp -p ps7_cortexa9_0 -o standalone -s /home/monsud/Scrivania/ASCON-hw/vitis/ascon_platform/hw/sdt/system-top.dts -t zynq_fsbl -r /home/monsud/Scrivania/ASCON-hw/vitis/.repo.yaml && deactivate
16:24:01 INFO  : bash, -c, source /home/monsud/Xilinx/Vitis/2023.2/tps/lnx64/lopper-1.1.0/env/bin/activate && python /home/monsud/Xilinx/Vitis/2023.2/data/embeddedsw/scripts/pyesw//create_bsp.py -w /home/monsud/Scrivania/ASCON-hw/vitis/ascon_platform/ps7_cortexa9_0/standalone_ps7_cortexa9_0/bsp -p ps7_cortexa9_0 -o standalone -s /home/monsud/Scrivania/ASCON-hw/vitis/ascon_platform/hw/sdt/system-top.dts -t empty_application -r /home/monsud/Scrivania/ASCON-hw/vitis/.repo.yaml && deactivate
16:24:05 ERROR : cmake: /usr/lib/libssl.so.10: version `libssl.so.10' not found (required by cmake)
16:24:05 ERROR : cmake: /usr/lib/libcrypto.so.10: version `OPENSSL_1.0.2' not found (required by cmake)
16:24:05 ERROR : cmake: /usr/lib/libcrypto.so.10: version `libcrypto.so.10' not found (required by cmake)
16:24:05 ERROR : Traceback (most recent call last):
16:24:05 ERROR :   File "/home/monsud/Xilinx/Vitis/2023.2/data/embeddedsw/scripts/pyesw/utils.py", line 354, in runcmd
16:24:05 ERROR :     subprocess.check_call(cmd, cwd=cwd, shell=True)
16:24:05 ERROR :   File "/home/monsud/Xilinx/Vitis/2023.2/tps/lnx64/python-3.8.3/lib/python3.8/subprocess.py", line 364, in check_call
16:24:05 ERROR :     raise CalledProcessError(retcode, cmd)
16:24:05 ERROR : subprocess.CalledProcessError: Command 'cmake -G "Unix Makefiles" /home/monsud/Scrivania/ASCON-hw/vitis/ascon_platform/zynq_fsbl/zynq_fsbl_bsp  -DCMAKE_LIBRARY_PATH=/home/monsud/Scrivania/ASCON-hw/vitis/ascon_platform/zynq_fsbl/zynq_fsbl_bsp/lib             -DCMAKE_INCLUDE_PATH=/home/monsud/Scrivania/ASCON-hw/vitis/ascon_platform/zynq_fsbl/zynq_fsbl_bsp/include             -DCMAKE_MODULE_PATH=/home/monsud/Scrivania/ASCON-hw/vitis/ascon_platform/zynq_fsbl/zynq_fsbl_bsp             -DCMAKE_TOOLCHAIN_FILE=/home/monsud/Scrivania/ASCON-hw/vitis/ascon_platform/zynq_fsbl/zynq_fsbl_bsp/cortexa9_toolchain.cmake             -DCMAKE_SPECS_FILE=/home/monsud/Scrivania/ASCON-hw/vitis/ascon_platform/zynq_fsbl/zynq_fsbl_bsp/Xilinx.spec             -DCMAKE_VERBOSE_MAKEFILE=ON' returned non-zero exit status 1.
16:24:05 ERROR : 
16:24:05 ERROR : During handling of the above exception, another exception occurred:
16:24:05 ERROR : 
16:24:05 ERROR : Traceback (most recent call last):
16:24:05 ERROR :   File "/home/monsud/Xilinx/Vitis/2023.2/data/embeddedsw/scripts/pyesw//create_bsp.py", line 742, in <module>
16:24:05 ERROR :     create_domain(args)
16:24:05 ERROR :   File "/home/monsud/Xilinx/Vitis/2023.2/data/embeddedsw/scripts/pyesw//create_bsp.py", line 546, in create_domain
16:24:05 ERROR :     utils.runcmd(
16:24:05 ERROR :   File "/home/monsud/Xilinx/Vitis/2023.2/data/embeddedsw/scripts/pyesw/utils.py", line 357, in runcmd
16:24:05 ERROR :     raise Exception(f"{exc.cmd} failed")
16:24:05 ERROR : Exception: cmake -G "Unix Makefiles" /home/monsud/Scrivania/ASCON-hw/vitis/ascon_platform/zynq_fsbl/zynq_fsbl_bsp  -DCMAKE_LIBRARY_PATH=/home/monsud/Scrivania/ASCON-hw/vitis/ascon_platform/zynq_fsbl/zynq_fsbl_bsp/lib             -DCMAKE_INCLUDE_PATH=/home/monsud/Scrivania/ASCON-hw/vitis/ascon_platform/zynq_fsbl/zynq_fsbl_bsp/include             -DCMAKE_MODULE_PATH=/home/monsud/Scrivania/ASCON-hw/vitis/ascon_platform/zynq_fsbl/zynq_fsbl_bsp             -DCMAKE_TOOLCHAIN_FILE=/home/monsud/Scrivania/ASCON-hw/vitis/ascon_platform/zynq_fsbl/zynq_fsbl_bsp/cortexa9_toolchain.cmake             -DCMAKE_SPECS_FILE=/home/monsud/Scrivania/ASCON-hw/vitis/ascon_platform/zynq_fsbl/zynq_fsbl_bsp/Xilinx.spec             -DCMAKE_VERBOSE_MAKEFILE=ON failed
16:24:05 ERROR : Error in generating BSP '/home/monsud/Scrivania/ASCON-hw/vitis/ascon_platform/zynq_fsbl/zynq_fsbl_bsp'.
16:24:05 ERROR : cmake: /usr/lib/libssl.so.10: version `libssl.so.10' not found (required by cmake)
16:24:05 ERROR : cmake: /usr/lib/libcrypto.so.10: version `OPENSSL_1.0.2' not found (required by cmake)
16:24:05 ERROR : cmake: /usr/lib/libcrypto.so.10: version `libcrypto.so.10' not found (required by cmake)
16:24:05 ERROR : Traceback (most recent call last):
16:24:05 ERROR :   File "/home/monsud/Xilinx/Vitis/2023.2/data/embeddedsw/scripts/pyesw/utils.py", line 354, in runcmd
16:24:05 ERROR :     subprocess.check_call(cmd, cwd=cwd, shell=True)
16:24:05 ERROR :   File "/home/monsud/Xilinx/Vitis/2023.2/tps/lnx64/python-3.8.3/lib/python3.8/subprocess.py", line 364, in check_call
16:24:05 ERROR :     raise CalledProcessError(retcode, cmd)
16:24:05 ERROR : subprocess.CalledProcessError: Command 'cmake -G "Unix Makefiles" /home/monsud/Scrivania/ASCON-hw/vitis/ascon_platform/ps7_cortexa9_0/standalone_ps7_cortexa9_0/bsp  -DCMAKE_LIBRARY_PATH=/home/monsud/Scrivania/ASCON-hw/vitis/ascon_platform/ps7_cortexa9_0/standalone_ps7_cortexa9_0/bsp/lib             -DCMAKE_INCLUDE_PATH=/home/monsud/Scrivania/ASCON-hw/vitis/ascon_platform/ps7_cortexa9_0/standalone_ps7_cortexa9_0/bsp/include             -DCMAKE_MODULE_PATH=/home/monsud/Scrivania/ASCON-hw/vitis/ascon_platform/ps7_cortexa9_0/standalone_ps7_cortexa9_0/bsp             -DCMAKE_TOOLCHAIN_FILE=/home/monsud/Scrivania/ASCON-hw/vitis/ascon_platform/ps7_cortexa9_0/standalone_ps7_cortexa9_0/bsp/cortexa9_toolchain.cmake             -DCMAKE_SPECS_FILE=/home/monsud/Scrivania/ASCON-hw/vitis/ascon_platform/ps7_cortexa9_0/standalone_ps7_cortexa9_0/bsp/Xilinx.spec             -DCMAKE_VERBOSE_MAKEFILE=ON' returned non-zero exit status 1.
16:24:05 ERROR : 
16:24:05 ERROR : During handling of the above exception, another exception occurred:
16:24:05 ERROR : 
16:24:05 ERROR : Traceback (most recent call last):
16:24:05 ERROR :   File "/home/monsud/Xilinx/Vitis/2023.2/data/embeddedsw/scripts/pyesw//create_bsp.py", line 742, in <module>
16:24:05 ERROR :     create_domain(args)
16:24:05 ERROR :   File "/home/monsud/Xilinx/Vitis/2023.2/data/embeddedsw/scripts/pyesw//create_bsp.py", line 546, in create_domain
16:24:05 ERROR :     utils.runcmd(
16:24:05 ERROR :   File "/home/monsud/Xilinx/Vitis/2023.2/data/embeddedsw/scripts/pyesw/utils.py", line 357, in runcmd
16:24:05 ERROR :     raise Exception(f"{exc.cmd} failed")
16:24:05 ERROR : Exception: cmake -G "Unix Makefiles" /home/monsud/Scrivania/ASCON-hw/vitis/ascon_platform/ps7_cortexa9_0/standalone_ps7_cortexa9_0/bsp  -DCMAKE_LIBRARY_PATH=/home/monsud/Scrivania/ASCON-hw/vitis/ascon_platform/ps7_cortexa9_0/standalone_ps7_cortexa9_0/bsp/lib             -DCMAKE_INCLUDE_PATH=/home/monsud/Scrivania/ASCON-hw/vitis/ascon_platform/ps7_cortexa9_0/standalone_ps7_cortexa9_0/bsp/include             -DCMAKE_MODULE_PATH=/home/monsud/Scrivania/ASCON-hw/vitis/ascon_platform/ps7_cortexa9_0/standalone_ps7_cortexa9_0/bsp             -DCMAKE_TOOLCHAIN_FILE=/home/monsud/Scrivania/ASCON-hw/vitis/ascon_platform/ps7_cortexa9_0/standalone_ps7_cortexa9_0/bsp/cortexa9_toolchain.cmake             -DCMAKE_SPECS_FILE=/home/monsud/Scrivania/ASCON-hw/vitis/ascon_platform/ps7_cortexa9_0/standalone_ps7_cortexa9_0/bsp/Xilinx.spec             -DCMAKE_VERBOSE_MAKEFILE=ON failed
16:24:05 ERROR : Error in generating BSP '/home/monsud/Scrivania/ASCON-hw/vitis/ascon_platform/ps7_cortexa9_0/standalone_ps7_cortexa9_0/bsp'.
16:24:05 ERROR : Failed to create platform: ascon_platform.Error in creating platform 'ascon_platform.'
16:24:05 ERROR : Failed to create platform: ascon_platform.Error in creating platform 'ascon_platform.'
16:24:18 INFO  : Terminating Vitis C++ Server
16:24:18 INFO  : Vitis C++ Server terminated
19:47:29 INFO  : updated workspace path: /home/monsud/Scrivania/ASCON-hw/vitis
19:47:29 INFO  : created .gitignore file for the project /home/monsud/Scrivania/ASCON-hw/vitis
19:47:29 INFO  : updated workspace path: /home/monsud/Scrivania/ASCON-hw/vitis
19:47:30 INFO  : Successfully created repository data at /tmp/rigel_lopper_monsud6461227776222959725
19:47:30 INFO  : bash, -c, source /home/monsud/Xilinx/Vitis/2023.2/tps/lnx64/lopper-1.1.0/env/bin/activate && python /home/monsud/Xilinx/Vitis/2023.2/data/embeddedsw/scripts/pyesw//get_template_data.py -d /tmp/rigel_lopper_monsud8685976630013945327 -r /tmp/rigel_lopper_monsud6461227776222959725/.repo.yaml && deactivate
19:47:31 INFO  : Embedded Template List generated successfully
19:47:31 INFO  : bash, -c, source /home/monsud/Xilinx/Vitis/2023.2/tps/lnx64/lopper-1.1.0/env/bin/activate && python /home/monsud/Xilinx/Vitis/2023.2/data/embeddedsw/scripts/pyesw//get_template_data.py -d /tmp/rigel_lopper_monsud3605493326281424935 -r /home/monsud/Scrivania/ASCON-hw/vitis/.repo.yaml && deactivate
19:47:31 INFO  : Embedded Template List generated successfully
19:47:31 INFO  : bash, -c, source /home/monsud/Xilinx/Vitis/2023.2/tps/lnx64/lopper-1.1.0/env/bin/activate && python /home/monsud/Xilinx/Vitis/2023.2/data/embeddedsw/scripts/pyesw//get_template_data.py -d /tmp/rigel_lopper_monsud6671672336089868582 -r /home/monsud/Scrivania/ASCON-hw/vitis/.repo.yaml && deactivate
19:47:32 INFO  : Embedded Template List generated successfully
19:47:53 INFO  : Found no platform with name 'design_ascon_wrapper' in install repositories
19:48:01 INFO  : bash, -c, source /home/monsud/Xilinx/Vitis/2023.2/tps/lnx64/lopper-1.1.0/env/bin/activate && xsct /home/monsud/Xilinx/Vitis/2023.2/vitisng-server/scripts/platformutil.tcl /home/monsud/Scrivania/ASCON-hw/design_ascon_wrapper.xsa /home/monsud/Scrivania/ASCON-hw/vitis/.rigel_lopper_temp_platform/design_ascon_wrapper/hw/sdt && deactivate
19:48:10 INFO  : INFO: [Hsi 55-2053] elapsed time for repository (/home/monsud/Xilinx/Vitis/2023.2/data/embeddedsw) loading 0 seconds
19:48:10 INFO  : WARNING: [Common 17-673] Cannot get value of property 'C_QSPI_MODE' because this property is not valid in conjunction with other property setting on this object.
19:48:10 INFO  : WARNING: [Common 17-673] Cannot get value of property 'C_EMIO_GPIO_WIDTH' because this property is not valid in conjunction with other property setting on this object.
19:48:10 INFO  : WARNING: [Common 17-673] Cannot get value of property 'C_MIO_GPIO_MASK' because this property is not valid in conjunction with other property setting on this object.
19:48:10 INFO  : SDT generated successfully
19:48:10 INFO  : Lopper command for cpu List generation: lopper -O /home/monsud/Scrivania/ASCON-hw/vitis/.rigel_lopper -f -i /home/monsud/Xilinx/Vitis/2023.2/tps/lnx64/lopper-1.1.0/env/lib/python3.8/site-packages/lopper/lops/lop-cpulist.dts /home/monsud/Scrivania/ASCON-hw/vitis/.rigel_lopper_temp_platform/design_ascon_wrapper/hw/sdt/system-top.dts
19:48:10 INFO  : bash, -c, source /home/monsud/Xilinx/Vitis/2023.2/tps/lnx64/lopper-1.1.0/env/bin/activate && lopper -O /home/monsud/Scrivania/ASCON-hw/vitis/.rigel_lopper -f -i /home/monsud/Xilinx/Vitis/2023.2/tps/lnx64/lopper-1.1.0/env/lib/python3.8/site-packages/lopper/lops/lop-cpulist.dts /home/monsud/Scrivania/ASCON-hw/vitis/.rigel_lopper_temp_platform/design_ascon_wrapper/hw/sdt/system-top.dts && deactivate
19:48:11 INFO  : ps7_cortexa9_0
19:48:11 INFO  : ps7_cortexa9_1
19:48:11 INFO  : CPU List generated successfully
19:48:15 INFO  : Platform  asccon_platform creation started.
19:48:15 INFO  : Found no platform with name 'design_ascon_wrapper' in install repositories
19:48:15 INFO  : Lopper command for cpu List generation: lopper -O /home/monsud/Scrivania/ASCON-hw/vitis/.rigel_lopper -f -i /home/monsud/Xilinx/Vitis/2023.2/tps/lnx64/lopper-1.1.0/env/lib/python3.8/site-packages/lopper/lops/lop-cpulist.dts /home/monsud/Scrivania/ASCON-hw/vitis/asccon_platform/hw/sdt/system-top.dts
19:48:15 INFO  : bash, -c, source /home/monsud/Xilinx/Vitis/2023.2/tps/lnx64/lopper-1.1.0/env/bin/activate && lopper -O /home/monsud/Scrivania/ASCON-hw/vitis/.rigel_lopper -f -i /home/monsud/Xilinx/Vitis/2023.2/tps/lnx64/lopper-1.1.0/env/lib/python3.8/site-packages/lopper/lops/lop-cpulist.dts /home/monsud/Scrivania/ASCON-hw/vitis/asccon_platform/hw/sdt/system-top.dts && deactivate
19:48:15 INFO  : ps7_cortexa9_0
19:48:15 INFO  : ps7_cortexa9_1
19:48:15 INFO  : CPU List generated successfully
19:48:15 INFO  : SDT generated successfully.
19:48:15 INFO  : created .gitignore file for the project /home/monsud/Scrivania/ASCON-hw/vitis/asccon_platform
19:48:15 INFO  : ZYNQ: Using the QEMU args from install at  : /home/monsud/Xilinx/Vitis/2023.2/data/emulation/platforms/zynq/sw/a9_linux/qemu/qemu_args.txt
19:48:15 INFO  : ZYNQ: Using the QEMU args from install at  : /home/monsud/Xilinx/Vitis/2023.2/data/emulation/platforms/zynq/sw/a9_standalone/qemu/qemu_args.txt
19:48:15 INFO  : ZYNQ: Using the QEMU args from install at  : /home/monsud/Xilinx/Vitis/2023.2/data/emulation/platforms/zynq/sw/a9_standalone/qemu/qemu_args.txt
19:48:15 INFO  : lopper command to generate BSP :python /home/monsud/Xilinx/Vitis/2023.2/data/embeddedsw/scripts/pyesw//create_bsp.py -w /home/monsud/Scrivania/ASCON-hw/vitis/asccon_platform/zynq_fsbl/zynq_fsbl_bsp -p ps7_cortexa9_0 -o standalone -s /home/monsud/Scrivania/ASCON-hw/vitis/asccon_platform/hw/sdt/system-top.dts -t zynq_fsbl -r /home/monsud/Scrivania/ASCON-hw/vitis/.repo.yaml
19:48:15 INFO  : bash, -c, source /home/monsud/Xilinx/Vitis/2023.2/tps/lnx64/lopper-1.1.0/env/bin/activate && python /home/monsud/Xilinx/Vitis/2023.2/data/embeddedsw/scripts/pyesw//create_bsp.py -w /home/monsud/Scrivania/ASCON-hw/vitis/asccon_platform/zynq_fsbl/zynq_fsbl_bsp -p ps7_cortexa9_0 -o standalone -s /home/monsud/Scrivania/ASCON-hw/vitis/asccon_platform/hw/sdt/system-top.dts -t zynq_fsbl -r /home/monsud/Scrivania/ASCON-hw/vitis/.repo.yaml && deactivate
19:48:15 INFO  : lopper command to generate BSP :python /home/monsud/Xilinx/Vitis/2023.2/data/embeddedsw/scripts/pyesw//create_bsp.py -w /home/monsud/Scrivania/ASCON-hw/vitis/asccon_platform/ps7_cortexa9_0/standalone_ps7_cortexa9_0/bsp -p ps7_cortexa9_0 -o standalone -s /home/monsud/Scrivania/ASCON-hw/vitis/asccon_platform/hw/sdt/system-top.dts -t empty_application -r /home/monsud/Scrivania/ASCON-hw/vitis/.repo.yaml
19:48:15 INFO  : bash, -c, source /home/monsud/Xilinx/Vitis/2023.2/tps/lnx64/lopper-1.1.0/env/bin/activate && python /home/monsud/Xilinx/Vitis/2023.2/data/embeddedsw/scripts/pyesw//create_bsp.py -w /home/monsud/Scrivania/ASCON-hw/vitis/asccon_platform/ps7_cortexa9_0/standalone_ps7_cortexa9_0/bsp -p ps7_cortexa9_0 -o standalone -s /home/monsud/Scrivania/ASCON-hw/vitis/asccon_platform/hw/sdt/system-top.dts -t empty_application -r /home/monsud/Scrivania/ASCON-hw/vitis/.repo.yaml && deactivate
19:48:19 ERROR : cmake: /usr/lib/libssl.so.10: version `libssl.so.10' not found (required by cmake)
19:48:19 ERROR : cmake: /usr/lib/libcrypto.so.10: version `OPENSSL_1.0.2' not found (required by cmake)
19:48:19 ERROR : cmake: /usr/lib/libcrypto.so.10: version `libcrypto.so.10' not found (required by cmake)
19:48:19 ERROR : Traceback (most recent call last):
19:48:19 ERROR :   File "/home/monsud/Xilinx/Vitis/2023.2/data/embeddedsw/scripts/pyesw/utils.py", line 354, in runcmd
19:48:19 ERROR :     subprocess.check_call(cmd, cwd=cwd, shell=True)
19:48:19 ERROR :   File "/home/monsud/Xilinx/Vitis/2023.2/tps/lnx64/python-3.8.3/lib/python3.8/subprocess.py", line 364, in check_call
19:48:19 ERROR :     raise CalledProcessError(retcode, cmd)
19:48:19 ERROR : subprocess.CalledProcessError: Command 'cmake -G "Unix Makefiles" /home/monsud/Scrivania/ASCON-hw/vitis/asccon_platform/ps7_cortexa9_0/standalone_ps7_cortexa9_0/bsp  -DCMAKE_LIBRARY_PATH=/home/monsud/Scrivania/ASCON-hw/vitis/asccon_platform/ps7_cortexa9_0/standalone_ps7_cortexa9_0/bsp/lib             -DCMAKE_INCLUDE_PATH=/home/monsud/Scrivania/ASCON-hw/vitis/asccon_platform/ps7_cortexa9_0/standalone_ps7_cortexa9_0/bsp/include             -DCMAKE_MODULE_PATH=/home/monsud/Scrivania/ASCON-hw/vitis/asccon_platform/ps7_cortexa9_0/standalone_ps7_cortexa9_0/bsp             -DCMAKE_TOOLCHAIN_FILE=/home/monsud/Scrivania/ASCON-hw/vitis/asccon_platform/ps7_cortexa9_0/standalone_ps7_cortexa9_0/bsp/cortexa9_toolchain.cmake             -DCMAKE_SPECS_FILE=/home/monsud/Scrivania/ASCON-hw/vitis/asccon_platform/ps7_cortexa9_0/standalone_ps7_cortexa9_0/bsp/Xilinx.spec             -DCMAKE_VERBOSE_MAKEFILE=ON' returned non-zero exit status 1.
19:48:19 ERROR : 
19:48:19 ERROR : During handling of the above exception, another exception occurred:
19:48:19 ERROR : 
19:48:19 ERROR : Traceback (most recent call last):
19:48:19 ERROR :   File "/home/monsud/Xilinx/Vitis/2023.2/data/embeddedsw/scripts/pyesw//create_bsp.py", line 742, in <module>
19:48:19 ERROR :     create_domain(args)
19:48:19 ERROR :   File "/home/monsud/Xilinx/Vitis/2023.2/data/embeddedsw/scripts/pyesw//create_bsp.py", line 546, in create_domain
19:48:19 ERROR :     utils.runcmd(
19:48:19 ERROR :   File "/home/monsud/Xilinx/Vitis/2023.2/data/embeddedsw/scripts/pyesw/utils.py", line 357, in runcmd
19:48:19 ERROR :     raise Exception(f"{exc.cmd} failed")
19:48:19 ERROR : Exception: cmake -G "Unix Makefiles" /home/monsud/Scrivania/ASCON-hw/vitis/asccon_platform/ps7_cortexa9_0/standalone_ps7_cortexa9_0/bsp  -DCMAKE_LIBRARY_PATH=/home/monsud/Scrivania/ASCON-hw/vitis/asccon_platform/ps7_cortexa9_0/standalone_ps7_cortexa9_0/bsp/lib             -DCMAKE_INCLUDE_PATH=/home/monsud/Scrivania/ASCON-hw/vitis/asccon_platform/ps7_cortexa9_0/standalone_ps7_cortexa9_0/bsp/include             -DCMAKE_MODULE_PATH=/home/monsud/Scrivania/ASCON-hw/vitis/asccon_platform/ps7_cortexa9_0/standalone_ps7_cortexa9_0/bsp             -DCMAKE_TOOLCHAIN_FILE=/home/monsud/Scrivania/ASCON-hw/vitis/asccon_platform/ps7_cortexa9_0/standalone_ps7_cortexa9_0/bsp/cortexa9_toolchain.cmake             -DCMAKE_SPECS_FILE=/home/monsud/Scrivania/ASCON-hw/vitis/asccon_platform/ps7_cortexa9_0/standalone_ps7_cortexa9_0/bsp/Xilinx.spec             -DCMAKE_VERBOSE_MAKEFILE=ON failed
19:48:19 ERROR : Error in generating BSP '/home/monsud/Scrivania/ASCON-hw/vitis/asccon_platform/ps7_cortexa9_0/standalone_ps7_cortexa9_0/bsp'.
19:48:19 ERROR : cmake: /usr/lib/libssl.so.10: version `libssl.so.10' not found (required by cmake)
19:48:19 ERROR : cmake: /usr/lib/libcrypto.so.10: version `OPENSSL_1.0.2' not found (required by cmake)
19:48:19 ERROR : cmake: /usr/lib/libcrypto.so.10: version `libcrypto.so.10' not found (required by cmake)
19:48:19 ERROR : Traceback (most recent call last):
19:48:19 ERROR :   File "/home/monsud/Xilinx/Vitis/2023.2/data/embeddedsw/scripts/pyesw/utils.py", line 354, in runcmd
19:48:19 ERROR :     subprocess.check_call(cmd, cwd=cwd, shell=True)
19:48:19 ERROR :   File "/home/monsud/Xilinx/Vitis/2023.2/tps/lnx64/python-3.8.3/lib/python3.8/subprocess.py", line 364, in check_call
19:48:19 ERROR :     raise CalledProcessError(retcode, cmd)
19:48:19 ERROR : subprocess.CalledProcessError: Command 'cmake -G "Unix Makefiles" /home/monsud/Scrivania/ASCON-hw/vitis/asccon_platform/zynq_fsbl/zynq_fsbl_bsp  -DCMAKE_LIBRARY_PATH=/home/monsud/Scrivania/ASCON-hw/vitis/asccon_platform/zynq_fsbl/zynq_fsbl_bsp/lib             -DCMAKE_INCLUDE_PATH=/home/monsud/Scrivania/ASCON-hw/vitis/asccon_platform/zynq_fsbl/zynq_fsbl_bsp/include             -DCMAKE_MODULE_PATH=/home/monsud/Scrivania/ASCON-hw/vitis/asccon_platform/zynq_fsbl/zynq_fsbl_bsp             -DCMAKE_TOOLCHAIN_FILE=/home/monsud/Scrivania/ASCON-hw/vitis/asccon_platform/zynq_fsbl/zynq_fsbl_bsp/cortexa9_toolchain.cmake             -DCMAKE_SPECS_FILE=/home/monsud/Scrivania/ASCON-hw/vitis/asccon_platform/zynq_fsbl/zynq_fsbl_bsp/Xilinx.spec             -DCMAKE_VERBOSE_MAKEFILE=ON' returned non-zero exit status 1.
19:48:19 ERROR : 
19:48:19 ERROR : During handling of the above exception, another exception occurred:
19:48:19 ERROR : 
19:48:19 ERROR : Traceback (most recent call last):
19:48:19 ERROR :   File "/home/monsud/Xilinx/Vitis/2023.2/data/embeddedsw/scripts/pyesw//create_bsp.py", line 742, in <module>
19:48:19 ERROR :     create_domain(args)
19:48:19 ERROR :   File "/home/monsud/Xilinx/Vitis/2023.2/data/embeddedsw/scripts/pyesw//create_bsp.py", line 546, in create_domain
19:48:19 ERROR :     utils.runcmd(
19:48:19 ERROR :   File "/home/monsud/Xilinx/Vitis/2023.2/data/embeddedsw/scripts/pyesw/utils.py", line 357, in runcmd
19:48:19 ERROR :     raise Exception(f"{exc.cmd} failed")
19:48:19 ERROR : Exception: cmake -G "Unix Makefiles" /home/monsud/Scrivania/ASCON-hw/vitis/asccon_platform/zynq_fsbl/zynq_fsbl_bsp  -DCMAKE_LIBRARY_PATH=/home/monsud/Scrivania/ASCON-hw/vitis/asccon_platform/zynq_fsbl/zynq_fsbl_bsp/lib             -DCMAKE_INCLUDE_PATH=/home/monsud/Scrivania/ASCON-hw/vitis/asccon_platform/zynq_fsbl/zynq_fsbl_bsp/include             -DCMAKE_MODULE_PATH=/home/monsud/Scrivania/ASCON-hw/vitis/asccon_platform/zynq_fsbl/zynq_fsbl_bsp             -DCMAKE_TOOLCHAIN_FILE=/home/monsud/Scrivania/ASCON-hw/vitis/asccon_platform/zynq_fsbl/zynq_fsbl_bsp/cortexa9_toolchain.cmake             -DCMAKE_SPECS_FILE=/home/monsud/Scrivania/ASCON-hw/vitis/asccon_platform/zynq_fsbl/zynq_fsbl_bsp/Xilinx.spec             -DCMAKE_VERBOSE_MAKEFILE=ON failed
19:48:19 ERROR : Error in generating BSP '/home/monsud/Scrivania/ASCON-hw/vitis/asccon_platform/zynq_fsbl/zynq_fsbl_bsp'.
19:48:19 ERROR : Failed to create platform: asccon_platform.Error in creating platform 'asccon_platform.'
19:48:19 ERROR : Failed to create platform: asccon_platform.Error in creating platform 'asccon_platform.'
19:52:01 INFO  : Found no platform with name 'design_ascon_wrapper' in install repositories
19:52:01 INFO  : bash, -c, source /home/monsud/Xilinx/Vitis/2023.2/tps/lnx64/lopper-1.1.0/env/bin/activate && xsct /home/monsud/Xilinx/Vitis/2023.2/vitisng-server/scripts/platformutil.tcl /home/monsud/Scrivania/ASCON-hw/design_ascon_wrapper.xsa /home/monsud/Scrivania/ASCON-hw/vitis/.rigel_lopper_temp_platform/design_ascon_wrapper/hw/sdt && deactivate
19:52:11 INFO  : INFO: [Hsi 55-2053] elapsed time for repository (/home/monsud/Xilinx/Vitis/2023.2/data/embeddedsw) loading 0 seconds
19:52:11 INFO  : WARNING: [Common 17-673] Cannot get value of property 'C_QSPI_MODE' because this property is not valid in conjunction with other property setting on this object.
19:52:11 INFO  : WARNING: [Common 17-673] Cannot get value of property 'C_EMIO_GPIO_WIDTH' because this property is not valid in conjunction with other property setting on this object.
19:52:11 INFO  : WARNING: [Common 17-673] Cannot get value of property 'C_MIO_GPIO_MASK' because this property is not valid in conjunction with other property setting on this object.
19:52:11 INFO  : SDT generated successfully
19:52:11 INFO  : Lopper command for cpu List generation: lopper -O /home/monsud/Scrivania/ASCON-hw/vitis/.rigel_lopper -f -i /home/monsud/Xilinx/Vitis/2023.2/tps/lnx64/lopper-1.1.0/env/lib/python3.8/site-packages/lopper/lops/lop-cpulist.dts /home/monsud/Scrivania/ASCON-hw/vitis/.rigel_lopper_temp_platform/design_ascon_wrapper/hw/sdt/system-top.dts
19:52:11 INFO  : bash, -c, source /home/monsud/Xilinx/Vitis/2023.2/tps/lnx64/lopper-1.1.0/env/bin/activate && lopper -O /home/monsud/Scrivania/ASCON-hw/vitis/.rigel_lopper -f -i /home/monsud/Xilinx/Vitis/2023.2/tps/lnx64/lopper-1.1.0/env/lib/python3.8/site-packages/lopper/lops/lop-cpulist.dts /home/monsud/Scrivania/ASCON-hw/vitis/.rigel_lopper_temp_platform/design_ascon_wrapper/hw/sdt/system-top.dts && deactivate
19:52:12 INFO  : ps7_cortexa9_0
19:52:12 INFO  : ps7_cortexa9_1
19:52:12 INFO  : CPU List generated successfully
19:52:16 INFO  : Platform  ascon_platform creation started.
19:52:16 INFO  : Found no platform with name 'design_ascon_wrapper' in install repositories
19:52:16 INFO  : Lopper command for cpu List generation: lopper -O /home/monsud/Scrivania/ASCON-hw/vitis/.rigel_lopper -f -i /home/monsud/Xilinx/Vitis/2023.2/tps/lnx64/lopper-1.1.0/env/lib/python3.8/site-packages/lopper/lops/lop-cpulist.dts /home/monsud/Scrivania/ASCON-hw/vitis/ascon_platform/hw/sdt/system-top.dts
19:52:16 INFO  : bash, -c, source /home/monsud/Xilinx/Vitis/2023.2/tps/lnx64/lopper-1.1.0/env/bin/activate && lopper -O /home/monsud/Scrivania/ASCON-hw/vitis/.rigel_lopper -f -i /home/monsud/Xilinx/Vitis/2023.2/tps/lnx64/lopper-1.1.0/env/lib/python3.8/site-packages/lopper/lops/lop-cpulist.dts /home/monsud/Scrivania/ASCON-hw/vitis/ascon_platform/hw/sdt/system-top.dts && deactivate
19:52:16 INFO  : ps7_cortexa9_0
19:52:16 INFO  : ps7_cortexa9_1
19:52:16 INFO  : CPU List generated successfully
19:52:16 INFO  : SDT generated successfully.
19:52:16 INFO  : created .gitignore file for the project /home/monsud/Scrivania/ASCON-hw/vitis/ascon_platform
19:52:16 INFO  : ZYNQ: Using the QEMU args from install at  : /home/monsud/Xilinx/Vitis/2023.2/data/emulation/platforms/zynq/sw/a9_linux/qemu/qemu_args.txt
19:52:16 INFO  : ZYNQ: Using the QEMU args from install at  : /home/monsud/Xilinx/Vitis/2023.2/data/emulation/platforms/zynq/sw/a9_standalone/qemu/qemu_args.txt
19:52:16 INFO  : ZYNQ: Using the QEMU args from install at  : /home/monsud/Xilinx/Vitis/2023.2/data/emulation/platforms/zynq/sw/a9_standalone/qemu/qemu_args.txt
19:52:16 INFO  : lopper command to generate BSP :python /home/monsud/Xilinx/Vitis/2023.2/data/embeddedsw/scripts/pyesw//create_bsp.py -w /home/monsud/Scrivania/ASCON-hw/vitis/ascon_platform/zynq_fsbl/zynq_fsbl_bsp -p ps7_cortexa9_0 -o standalone -s /home/monsud/Scrivania/ASCON-hw/vitis/ascon_platform/hw/sdt/system-top.dts -t zynq_fsbl -r /home/monsud/Scrivania/ASCON-hw/vitis/.repo.yaml
19:52:16 INFO  : bash, -c, source /home/monsud/Xilinx/Vitis/2023.2/tps/lnx64/lopper-1.1.0/env/bin/activate && python /home/monsud/Xilinx/Vitis/2023.2/data/embeddedsw/scripts/pyesw//create_bsp.py -w /home/monsud/Scrivania/ASCON-hw/vitis/ascon_platform/zynq_fsbl/zynq_fsbl_bsp -p ps7_cortexa9_0 -o standalone -s /home/monsud/Scrivania/ASCON-hw/vitis/ascon_platform/hw/sdt/system-top.dts -t zynq_fsbl -r /home/monsud/Scrivania/ASCON-hw/vitis/.repo.yaml && deactivate
19:52:16 INFO  : lopper command to generate BSP :python /home/monsud/Xilinx/Vitis/2023.2/data/embeddedsw/scripts/pyesw//create_bsp.py -w /home/monsud/Scrivania/ASCON-hw/vitis/ascon_platform/ps7_cortexa9_0/standalone_ps7_cortexa9_0/bsp -p ps7_cortexa9_0 -o standalone -s /home/monsud/Scrivania/ASCON-hw/vitis/ascon_platform/hw/sdt/system-top.dts -t empty_application -r /home/monsud/Scrivania/ASCON-hw/vitis/.repo.yaml
19:52:16 INFO  : bash, -c, source /home/monsud/Xilinx/Vitis/2023.2/tps/lnx64/lopper-1.1.0/env/bin/activate && python /home/monsud/Xilinx/Vitis/2023.2/data/embeddedsw/scripts/pyesw//create_bsp.py -w /home/monsud/Scrivania/ASCON-hw/vitis/ascon_platform/ps7_cortexa9_0/standalone_ps7_cortexa9_0/bsp -p ps7_cortexa9_0 -o standalone -s /home/monsud/Scrivania/ASCON-hw/vitis/ascon_platform/hw/sdt/system-top.dts -t empty_application -r /home/monsud/Scrivania/ASCON-hw/vitis/.repo.yaml && deactivate
19:52:20 ERROR : cmake: /usr/lib/libssl.so.10: version `libssl.so.10' not found (required by cmake)
19:52:20 ERROR : cmake: /usr/lib/libcrypto.so.10: version `OPENSSL_1.0.2' not found (required by cmake)
19:52:20 ERROR : cmake: /usr/lib/libcrypto.so.10: version `libcrypto.so.10' not found (required by cmake)
19:52:20 ERROR : Traceback (most recent call last):
19:52:20 ERROR :   File "/home/monsud/Xilinx/Vitis/2023.2/data/embeddedsw/scripts/pyesw/utils.py", line 354, in runcmd
19:52:20 ERROR :     subprocess.check_call(cmd, cwd=cwd, shell=True)
19:52:20 ERROR :   File "/home/monsud/Xilinx/Vitis/2023.2/tps/lnx64/python-3.8.3/lib/python3.8/subprocess.py", line 364, in check_call
19:52:20 ERROR :     raise CalledProcessError(retcode, cmd)
19:52:20 ERROR : subprocess.CalledProcessError: Command 'cmake -G "Unix Makefiles" /home/monsud/Scrivania/ASCON-hw/vitis/ascon_platform/zynq_fsbl/zynq_fsbl_bsp  -DCMAKE_LIBRARY_PATH=/home/monsud/Scrivania/ASCON-hw/vitis/ascon_platform/zynq_fsbl/zynq_fsbl_bsp/lib             -DCMAKE_INCLUDE_PATH=/home/monsud/Scrivania/ASCON-hw/vitis/ascon_platform/zynq_fsbl/zynq_fsbl_bsp/include             -DCMAKE_MODULE_PATH=/home/monsud/Scrivania/ASCON-hw/vitis/ascon_platform/zynq_fsbl/zynq_fsbl_bsp             -DCMAKE_TOOLCHAIN_FILE=/home/monsud/Scrivania/ASCON-hw/vitis/ascon_platform/zynq_fsbl/zynq_fsbl_bsp/cortexa9_toolchain.cmake             -DCMAKE_SPECS_FILE=/home/monsud/Scrivania/ASCON-hw/vitis/ascon_platform/zynq_fsbl/zynq_fsbl_bsp/Xilinx.spec             -DCMAKE_VERBOSE_MAKEFILE=ON' returned non-zero exit status 1.
19:52:20 ERROR : 
19:52:20 ERROR : During handling of the above exception, another exception occurred:
19:52:20 ERROR : 
19:52:20 ERROR : Traceback (most recent call last):
19:52:20 ERROR :   File "/home/monsud/Xilinx/Vitis/2023.2/data/embeddedsw/scripts/pyesw//create_bsp.py", line 742, in <module>
19:52:20 ERROR :     create_domain(args)
19:52:20 ERROR :   File "/home/monsud/Xilinx/Vitis/2023.2/data/embeddedsw/scripts/pyesw//create_bsp.py", line 546, in create_domain
19:52:20 ERROR :     utils.runcmd(
19:52:20 ERROR :   File "/home/monsud/Xilinx/Vitis/2023.2/data/embeddedsw/scripts/pyesw/utils.py", line 357, in runcmd
19:52:20 ERROR :     raise Exception(f"{exc.cmd} failed")
19:52:20 ERROR : Exception: cmake -G "Unix Makefiles" /home/monsud/Scrivania/ASCON-hw/vitis/ascon_platform/zynq_fsbl/zynq_fsbl_bsp  -DCMAKE_LIBRARY_PATH=/home/monsud/Scrivania/ASCON-hw/vitis/ascon_platform/zynq_fsbl/zynq_fsbl_bsp/lib             -DCMAKE_INCLUDE_PATH=/home/monsud/Scrivania/ASCON-hw/vitis/ascon_platform/zynq_fsbl/zynq_fsbl_bsp/include             -DCMAKE_MODULE_PATH=/home/monsud/Scrivania/ASCON-hw/vitis/ascon_platform/zynq_fsbl/zynq_fsbl_bsp             -DCMAKE_TOOLCHAIN_FILE=/home/monsud/Scrivania/ASCON-hw/vitis/ascon_platform/zynq_fsbl/zynq_fsbl_bsp/cortexa9_toolchain.cmake             -DCMAKE_SPECS_FILE=/home/monsud/Scrivania/ASCON-hw/vitis/ascon_platform/zynq_fsbl/zynq_fsbl_bsp/Xilinx.spec             -DCMAKE_VERBOSE_MAKEFILE=ON failed
19:52:20 ERROR : Error in generating BSP '/home/monsud/Scrivania/ASCON-hw/vitis/ascon_platform/zynq_fsbl/zynq_fsbl_bsp'.
19:52:20 ERROR : cmake: /usr/lib/libssl.so.10: version `libssl.so.10' not found (required by cmake)
19:52:20 ERROR : cmake: /usr/lib/libcrypto.so.10: version `OPENSSL_1.0.2' not found (required by cmake)
19:52:20 ERROR : cmake: /usr/lib/libcrypto.so.10: version `libcrypto.so.10' not found (required by cmake)
19:52:20 ERROR : Traceback (most recent call last):
19:52:20 ERROR :   File "/home/monsud/Xilinx/Vitis/2023.2/data/embeddedsw/scripts/pyesw/utils.py", line 354, in runcmd
19:52:20 ERROR :     subprocess.check_call(cmd, cwd=cwd, shell=True)
19:52:20 ERROR :   File "/home/monsud/Xilinx/Vitis/2023.2/tps/lnx64/python-3.8.3/lib/python3.8/subprocess.py", line 364, in check_call
19:52:20 ERROR :     raise CalledProcessError(retcode, cmd)
19:52:20 ERROR : subprocess.CalledProcessError: Command 'cmake -G "Unix Makefiles" /home/monsud/Scrivania/ASCON-hw/vitis/ascon_platform/ps7_cortexa9_0/standalone_ps7_cortexa9_0/bsp  -DCMAKE_LIBRARY_PATH=/home/monsud/Scrivania/ASCON-hw/vitis/ascon_platform/ps7_cortexa9_0/standalone_ps7_cortexa9_0/bsp/lib             -DCMAKE_INCLUDE_PATH=/home/monsud/Scrivania/ASCON-hw/vitis/ascon_platform/ps7_cortexa9_0/standalone_ps7_cortexa9_0/bsp/include             -DCMAKE_MODULE_PATH=/home/monsud/Scrivania/ASCON-hw/vitis/ascon_platform/ps7_cortexa9_0/standalone_ps7_cortexa9_0/bsp             -DCMAKE_TOOLCHAIN_FILE=/home/monsud/Scrivania/ASCON-hw/vitis/ascon_platform/ps7_cortexa9_0/standalone_ps7_cortexa9_0/bsp/cortexa9_toolchain.cmake             -DCMAKE_SPECS_FILE=/home/monsud/Scrivania/ASCON-hw/vitis/ascon_platform/ps7_cortexa9_0/standalone_ps7_cortexa9_0/bsp/Xilinx.spec             -DCMAKE_VERBOSE_MAKEFILE=ON' returned non-zero exit status 1.
19:52:20 ERROR : 
19:52:20 ERROR : During handling of the above exception, another exception occurred:
19:52:20 ERROR : 
19:52:20 ERROR : Traceback (most recent call last):
19:52:20 ERROR :   File "/home/monsud/Xilinx/Vitis/2023.2/data/embeddedsw/scripts/pyesw//create_bsp.py", line 742, in <module>
19:52:20 ERROR :     create_domain(args)
19:52:20 ERROR :   File "/home/monsud/Xilinx/Vitis/2023.2/data/embeddedsw/scripts/pyesw//create_bsp.py", line 546, in create_domain
19:52:20 ERROR :     utils.runcmd(
19:52:20 ERROR :   File "/home/monsud/Xilinx/Vitis/2023.2/data/embeddedsw/scripts/pyesw/utils.py", line 357, in runcmd
19:52:20 ERROR :     raise Exception(f"{exc.cmd} failed")
19:52:20 ERROR : Exception: cmake -G "Unix Makefiles" /home/monsud/Scrivania/ASCON-hw/vitis/ascon_platform/ps7_cortexa9_0/standalone_ps7_cortexa9_0/bsp  -DCMAKE_LIBRARY_PATH=/home/monsud/Scrivania/ASCON-hw/vitis/ascon_platform/ps7_cortexa9_0/standalone_ps7_cortexa9_0/bsp/lib             -DCMAKE_INCLUDE_PATH=/home/monsud/Scrivania/ASCON-hw/vitis/ascon_platform/ps7_cortexa9_0/standalone_ps7_cortexa9_0/bsp/include             -DCMAKE_MODULE_PATH=/home/monsud/Scrivania/ASCON-hw/vitis/ascon_platform/ps7_cortexa9_0/standalone_ps7_cortexa9_0/bsp             -DCMAKE_TOOLCHAIN_FILE=/home/monsud/Scrivania/ASCON-hw/vitis/ascon_platform/ps7_cortexa9_0/standalone_ps7_cortexa9_0/bsp/cortexa9_toolchain.cmake             -DCMAKE_SPECS_FILE=/home/monsud/Scrivania/ASCON-hw/vitis/ascon_platform/ps7_cortexa9_0/standalone_ps7_cortexa9_0/bsp/Xilinx.spec             -DCMAKE_VERBOSE_MAKEFILE=ON failed
19:52:20 ERROR : Error in generating BSP '/home/monsud/Scrivania/ASCON-hw/vitis/ascon_platform/ps7_cortexa9_0/standalone_ps7_cortexa9_0/bsp'.
19:52:20 ERROR : Failed to create platform: ascon_platform.Error in creating platform 'ascon_platform.'
19:52:20 ERROR : Failed to create platform: ascon_platform.Error in creating platform 'ascon_platform.'
19:55:15 INFO  : Found no platform with name 'design_ascon_wrapper' in install repositories
19:55:15 INFO  : bash, -c, source /home/monsud/Xilinx/Vitis/2023.2/tps/lnx64/lopper-1.1.0/env/bin/activate && xsct /home/monsud/Xilinx/Vitis/2023.2/vitisng-server/scripts/platformutil.tcl /home/monsud/Scrivania/ASCON-hw/design_ascon_wrapper.xsa /home/monsud/Scrivania/ASCON-hw/vitis/.rigel_lopper_temp_platform/design_ascon_wrapper/hw/sdt && deactivate
19:55:24 INFO  : INFO: [Hsi 55-2053] elapsed time for repository (/home/monsud/Xilinx/Vitis/2023.2/data/embeddedsw) loading 0 seconds
19:55:24 INFO  : WARNING: [Common 17-673] Cannot get value of property 'C_QSPI_MODE' because this property is not valid in conjunction with other property setting on this object.
19:55:24 INFO  : WARNING: [Common 17-673] Cannot get value of property 'C_EMIO_GPIO_WIDTH' because this property is not valid in conjunction with other property setting on this object.
19:55:24 INFO  : WARNING: [Common 17-673] Cannot get value of property 'C_MIO_GPIO_MASK' because this property is not valid in conjunction with other property setting on this object.
19:55:24 INFO  : SDT generated successfully
19:55:24 INFO  : Lopper command for cpu List generation: lopper -O /home/monsud/Scrivania/ASCON-hw/vitis/.rigel_lopper -f -i /home/monsud/Xilinx/Vitis/2023.2/tps/lnx64/lopper-1.1.0/env/lib/python3.8/site-packages/lopper/lops/lop-cpulist.dts /home/monsud/Scrivania/ASCON-hw/vitis/.rigel_lopper_temp_platform/design_ascon_wrapper/hw/sdt/system-top.dts
19:55:24 INFO  : bash, -c, source /home/monsud/Xilinx/Vitis/2023.2/tps/lnx64/lopper-1.1.0/env/bin/activate && lopper -O /home/monsud/Scrivania/ASCON-hw/vitis/.rigel_lopper -f -i /home/monsud/Xilinx/Vitis/2023.2/tps/lnx64/lopper-1.1.0/env/lib/python3.8/site-packages/lopper/lops/lop-cpulist.dts /home/monsud/Scrivania/ASCON-hw/vitis/.rigel_lopper_temp_platform/design_ascon_wrapper/hw/sdt/system-top.dts && deactivate
19:55:25 INFO  : ps7_cortexa9_0
19:55:25 INFO  : ps7_cortexa9_1
19:55:25 INFO  : CPU List generated successfully
19:55:51 INFO  : Platform  ascon_platform creation started.
19:55:51 INFO  : Found no platform with name 'design_ascon_wrapper' in install repositories
19:55:51 INFO  : SDT generated successfully.
19:55:51 INFO  : created .gitignore file for the project /home/monsud/Scrivania/ASCON-hw/vitis/ascon_platform
19:55:51 INFO  : ZYNQ: Using the QEMU args from install at  : /home/monsud/Xilinx/Vitis/2023.2/data/emulation/platforms/zynq/sw/a9_linux/qemu/qemu_args.txt
19:55:51 INFO  : ZYNQ: Using the QEMU args from install at  : /home/monsud/Xilinx/Vitis/2023.2/data/emulation/platforms/zynq/sw/a9_standalone/qemu/qemu_args.txt
19:55:51 INFO  : ZYNQ: Using the QEMU args from install at  : /home/monsud/Xilinx/Vitis/2023.2/data/emulation/platforms/zynq/sw/a9_standalone/qemu/qemu_args.txt
19:55:51 INFO  : lopper command to generate BSP :python /home/monsud/Xilinx/Vitis/2023.2/data/embeddedsw/scripts/pyesw//create_bsp.py -w /home/monsud/Scrivania/ASCON-hw/vitis/ascon_platform/ps7_cortexa9_0/standalone_ps7_cortexa9_0/bsp -p ps7_cortexa9_0 -o standalone -s /home/monsud/Scrivania/ASCON-hw/vitis/ascon_platform/hw/sdt/system-top.dts -t empty_application -r /home/monsud/Scrivania/ASCON-hw/vitis/.repo.yaml
19:55:51 INFO  : bash, -c, source /home/monsud/Xilinx/Vitis/2023.2/tps/lnx64/lopper-1.1.0/env/bin/activate && python /home/monsud/Xilinx/Vitis/2023.2/data/embeddedsw/scripts/pyesw//create_bsp.py -w /home/monsud/Scrivania/ASCON-hw/vitis/ascon_platform/ps7_cortexa9_0/standalone_ps7_cortexa9_0/bsp -p ps7_cortexa9_0 -o standalone -s /home/monsud/Scrivania/ASCON-hw/vitis/ascon_platform/hw/sdt/system-top.dts -t empty_application -r /home/monsud/Scrivania/ASCON-hw/vitis/.repo.yaml && deactivate
19:55:51 INFO  : lopper command to generate BSP :python /home/monsud/Xilinx/Vitis/2023.2/data/embeddedsw/scripts/pyesw//create_bsp.py -w /home/monsud/Scrivania/ASCON-hw/vitis/ascon_platform/zynq_fsbl/zynq_fsbl_bsp -p ps7_cortexa9_0 -o standalone -s /home/monsud/Scrivania/ASCON-hw/vitis/ascon_platform/hw/sdt/system-top.dts -t zynq_fsbl -r /home/monsud/Scrivania/ASCON-hw/vitis/.repo.yaml
19:55:51 INFO  : bash, -c, source /home/monsud/Xilinx/Vitis/2023.2/tps/lnx64/lopper-1.1.0/env/bin/activate && python /home/monsud/Xilinx/Vitis/2023.2/data/embeddedsw/scripts/pyesw//create_bsp.py -w /home/monsud/Scrivania/ASCON-hw/vitis/ascon_platform/zynq_fsbl/zynq_fsbl_bsp -p ps7_cortexa9_0 -o standalone -s /home/monsud/Scrivania/ASCON-hw/vitis/ascon_platform/hw/sdt/system-top.dts -t zynq_fsbl -r /home/monsud/Scrivania/ASCON-hw/vitis/.repo.yaml && deactivate
19:55:55 ERROR : cmake: /usr/lib/libssl.so.10: version `libssl.so.10' not found (required by cmake)
19:55:55 ERROR : cmake: /usr/lib/libcrypto.so.10: version `OPENSSL_1.0.2' not found (required by cmake)
19:55:55 ERROR : cmake: /usr/lib/libcrypto.so.10: version `libcrypto.so.10' not found (required by cmake)
19:55:55 ERROR : Traceback (most recent call last):
19:55:55 ERROR :   File "/home/monsud/Xilinx/Vitis/2023.2/data/embeddedsw/scripts/pyesw/utils.py", line 354, in runcmd
19:55:55 ERROR :     subprocess.check_call(cmd, cwd=cwd, shell=True)
19:55:55 ERROR :   File "/home/monsud/Xilinx/Vitis/2023.2/tps/lnx64/python-3.8.3/lib/python3.8/subprocess.py", line 364, in check_call
19:55:55 ERROR :     raise CalledProcessError(retcode, cmd)
19:55:55 ERROR : subprocess.CalledProcessError: Command 'cmake -G "Unix Makefiles" /home/monsud/Scrivania/ASCON-hw/vitis/ascon_platform/ps7_cortexa9_0/standalone_ps7_cortexa9_0/bsp  -DCMAKE_LIBRARY_PATH=/home/monsud/Scrivania/ASCON-hw/vitis/ascon_platform/ps7_cortexa9_0/standalone_ps7_cortexa9_0/bsp/lib             -DCMAKE_INCLUDE_PATH=/home/monsud/Scrivania/ASCON-hw/vitis/ascon_platform/ps7_cortexa9_0/standalone_ps7_cortexa9_0/bsp/include             -DCMAKE_MODULE_PATH=/home/monsud/Scrivania/ASCON-hw/vitis/ascon_platform/ps7_cortexa9_0/standalone_ps7_cortexa9_0/bsp             -DCMAKE_TOOLCHAIN_FILE=/home/monsud/Scrivania/ASCON-hw/vitis/ascon_platform/ps7_cortexa9_0/standalone_ps7_cortexa9_0/bsp/cortexa9_toolchain.cmake             -DCMAKE_SPECS_FILE=/home/monsud/Scrivania/ASCON-hw/vitis/ascon_platform/ps7_cortexa9_0/standalone_ps7_cortexa9_0/bsp/Xilinx.spec             -DCMAKE_VERBOSE_MAKEFILE=ON' returned non-zero exit status 1.
19:55:55 ERROR : 
19:55:55 ERROR : During handling of the above exception, another exception occurred:
19:55:55 ERROR : 
19:55:55 ERROR : Traceback (most recent call last):
19:55:55 ERROR :   File "/home/monsud/Xilinx/Vitis/2023.2/data/embeddedsw/scripts/pyesw//create_bsp.py", line 742, in <module>
19:55:55 ERROR :     create_domain(args)
19:55:55 ERROR :   File "/home/monsud/Xilinx/Vitis/2023.2/data/embeddedsw/scripts/pyesw//create_bsp.py", line 546, in create_domain
19:55:55 ERROR :     utils.runcmd(
19:55:55 ERROR :   File "/home/monsud/Xilinx/Vitis/2023.2/data/embeddedsw/scripts/pyesw/utils.py", line 357, in runcmd
19:55:55 ERROR :     raise Exception(f"{exc.cmd} failed")
19:55:55 ERROR : Exception: cmake -G "Unix Makefiles" /home/monsud/Scrivania/ASCON-hw/vitis/ascon_platform/ps7_cortexa9_0/standalone_ps7_cortexa9_0/bsp  -DCMAKE_LIBRARY_PATH=/home/monsud/Scrivania/ASCON-hw/vitis/ascon_platform/ps7_cortexa9_0/standalone_ps7_cortexa9_0/bsp/lib             -DCMAKE_INCLUDE_PATH=/home/monsud/Scrivania/ASCON-hw/vitis/ascon_platform/ps7_cortexa9_0/standalone_ps7_cortexa9_0/bsp/include             -DCMAKE_MODULE_PATH=/home/monsud/Scrivania/ASCON-hw/vitis/ascon_platform/ps7_cortexa9_0/standalone_ps7_cortexa9_0/bsp             -DCMAKE_TOOLCHAIN_FILE=/home/monsud/Scrivania/ASCON-hw/vitis/ascon_platform/ps7_cortexa9_0/standalone_ps7_cortexa9_0/bsp/cortexa9_toolchain.cmake             -DCMAKE_SPECS_FILE=/home/monsud/Scrivania/ASCON-hw/vitis/ascon_platform/ps7_cortexa9_0/standalone_ps7_cortexa9_0/bsp/Xilinx.spec             -DCMAKE_VERBOSE_MAKEFILE=ON failed
19:55:55 ERROR : Error in generating BSP '/home/monsud/Scrivania/ASCON-hw/vitis/ascon_platform/ps7_cortexa9_0/standalone_ps7_cortexa9_0/bsp'.
19:55:56 ERROR : cmake: /usr/lib/libssl.so.10: version `libssl.so.10' not found (required by cmake)
19:55:56 ERROR : cmake: /usr/lib/libcrypto.so.10: version `OPENSSL_1.0.2' not found (required by cmake)
19:55:56 ERROR : cmake: /usr/lib/libcrypto.so.10: version `libcrypto.so.10' not found (required by cmake)
19:55:56 ERROR : Traceback (most recent call last):
19:55:56 ERROR :   File "/home/monsud/Xilinx/Vitis/2023.2/data/embeddedsw/scripts/pyesw/utils.py", line 354, in runcmd
19:55:56 ERROR :     subprocess.check_call(cmd, cwd=cwd, shell=True)
19:55:56 ERROR :   File "/home/monsud/Xilinx/Vitis/2023.2/tps/lnx64/python-3.8.3/lib/python3.8/subprocess.py", line 364, in check_call
19:55:56 ERROR :     raise CalledProcessError(retcode, cmd)
19:55:56 ERROR : subprocess.CalledProcessError: Command 'cmake -G "Unix Makefiles" /home/monsud/Scrivania/ASCON-hw/vitis/ascon_platform/zynq_fsbl/zynq_fsbl_bsp  -DCMAKE_LIBRARY_PATH=/home/monsud/Scrivania/ASCON-hw/vitis/ascon_platform/zynq_fsbl/zynq_fsbl_bsp/lib             -DCMAKE_INCLUDE_PATH=/home/monsud/Scrivania/ASCON-hw/vitis/ascon_platform/zynq_fsbl/zynq_fsbl_bsp/include             -DCMAKE_MODULE_PATH=/home/monsud/Scrivania/ASCON-hw/vitis/ascon_platform/zynq_fsbl/zynq_fsbl_bsp             -DCMAKE_TOOLCHAIN_FILE=/home/monsud/Scrivania/ASCON-hw/vitis/ascon_platform/zynq_fsbl/zynq_fsbl_bsp/cortexa9_toolchain.cmake             -DCMAKE_SPECS_FILE=/home/monsud/Scrivania/ASCON-hw/vitis/ascon_platform/zynq_fsbl/zynq_fsbl_bsp/Xilinx.spec             -DCMAKE_VERBOSE_MAKEFILE=ON' returned non-zero exit status 1.
19:55:56 ERROR : 
19:55:56 ERROR : During handling of the above exception, another exception occurred:
19:55:56 ERROR : 
19:55:56 ERROR : Traceback (most recent call last):
19:55:56 ERROR :   File "/home/monsud/Xilinx/Vitis/2023.2/data/embeddedsw/scripts/pyesw//create_bsp.py", line 742, in <module>
19:55:56 ERROR :     create_domain(args)
19:55:56 ERROR :   File "/home/monsud/Xilinx/Vitis/2023.2/data/embeddedsw/scripts/pyesw//create_bsp.py", line 546, in create_domain
19:55:56 ERROR :     utils.runcmd(
19:55:56 ERROR :   File "/home/monsud/Xilinx/Vitis/2023.2/data/embeddedsw/scripts/pyesw/utils.py", line 357, in runcmd
19:55:56 ERROR :     raise Exception(f"{exc.cmd} failed")
19:55:56 ERROR : Exception: cmake -G "Unix Makefiles" /home/monsud/Scrivania/ASCON-hw/vitis/ascon_platform/zynq_fsbl/zynq_fsbl_bsp  -DCMAKE_LIBRARY_PATH=/home/monsud/Scrivania/ASCON-hw/vitis/ascon_platform/zynq_fsbl/zynq_fsbl_bsp/lib             -DCMAKE_INCLUDE_PATH=/home/monsud/Scrivania/ASCON-hw/vitis/ascon_platform/zynq_fsbl/zynq_fsbl_bsp/include             -DCMAKE_MODULE_PATH=/home/monsud/Scrivania/ASCON-hw/vitis/ascon_platform/zynq_fsbl/zynq_fsbl_bsp             -DCMAKE_TOOLCHAIN_FILE=/home/monsud/Scrivania/ASCON-hw/vitis/ascon_platform/zynq_fsbl/zynq_fsbl_bsp/cortexa9_toolchain.cmake             -DCMAKE_SPECS_FILE=/home/monsud/Scrivania/ASCON-hw/vitis/ascon_platform/zynq_fsbl/zynq_fsbl_bsp/Xilinx.spec             -DCMAKE_VERBOSE_MAKEFILE=ON failed
19:55:56 ERROR : Error in generating BSP '/home/monsud/Scrivania/ASCON-hw/vitis/ascon_platform/zynq_fsbl/zynq_fsbl_bsp'.
19:55:56 ERROR : Failed to create platform: ascon_platform.Error in creating platform 'ascon_platform.'
19:55:56 ERROR : Failed to create platform: ascon_platform.Error in creating platform 'ascon_platform.'
19:56:11 INFO  : Terminating Vitis C++ Server
19:56:11 INFO  : Vitis C++ Server terminated
